// Jest Snapshot v1, https://goo.gl/fbAQLP

exports[`ArticleFooter Component renders correctly 1`] = `
<View
  testID="article_footer"
>
  <View
    testID="reaction_view"
  >
    <View
      style={
        Array [
          Object {
            "flex": 1,
            "flexDirection": "row",
            "flexWrap": "wrap",
          },
          null,
          Object {
            "paddingHorizontal": 12,
          },
        ]
      }
      testID="reaction_view"
    />
  </View>
  <View
    style={
      Array [
        Object {
          "alignItems": "center",
          "flex": 1,
          "justifyContent": "center",
        },
        Object {
          "height": 28,
          "marginBottom": 8,
        },
      ]
    }
    testID="content_footer.cannot_reaction_view"
  >
    <Text
      style={
        Array [
          Object {
            "color": "#212745",
            "fontFamily": "BeVietnamPro-Light",
            "fontSize": 13,
          },
          Object {
            "color": "#BAC0DE",
          },
          undefined,
        ]
      }
    >
      React and comment of this post are not available
    </Text>
  </View>
</View>
`;
