// Jest Snapshot v1, https://goo.gl/fbAQLP

exports[`NotificationItem component renders correctly 1`] = `
<View
  accessibilityState={
    Object {
      "disabled": false,
    }
  }
  accessible={true}
  collapsable={false}
  focusable={true}
  onClick={[Function]}
  onResponderGrant={[Function]}
  onResponderMove={[Function]}
  onResponderRelease={[Function]}
  onResponderTerminate={[Function]}
  onResponderTerminationRequest={[Function]}
  onStartShouldSetResponder={[Function]}
  style={
    Object {
      "alignItems": "flex-start",
      "backgroundColor": "#F8F9FF",
      "flex": 1,
      "flexDirection": "row",
      "opacity": 1,
      "padding": 16,
      "width": 750,
    }
  }
  testID="testID"
>
  <View
    style={
      Object {
        "flex": 1,
      }
    }
  >
    <View
      style={
        Array [
          Object {
            "alignItems": "center",
            "flexDirection": "row",
          },
          Object {
            "flex": 1,
            "justifyContent": "flex-start",
          },
        ]
      }
    >
      <View
        style={
          Array [
            Object {
              "backgroundColor": "#9E6FD8",
              "borderRadius": 6,
              "height": 6,
              "marginRight": 8,
              "width": 6,
            },
            undefined,
          ]
        }
        testID="notification_item.indicator"
      />
    </View>
    <View
      style={
        Object {
          "flex": 1,
        }
      }
      testID="notification_content"
    >
      <View
        testID="notification_content.description"
      >
        <View
          style={Object {}}
        >
          <View
            style={
              Object {
                "alignItems": "flex-start",
                "flexDirection": "row",
                "flexWrap": "wrap",
                "justifyContent": "flex-start",
                "marginBottom": 2,
                "marginTop": 2,
                "width": "100%",
              }
            }
          >
            <Text
              style={Object {}}
            >
              <Text
                style={
                  Object {
                    "color": "#181C32",
                    "fontFamily": "BeVietnamPro-Light",
                    "fontSize": 15,
                    "fontWeight": "bold",
                  }
                }
              >
                <Text
                  style={
                    Array [
                      Object {
                        "color": "#181C32",
                        "fontFamily": "BeVietnamPro-Light",
                        "fontSize": 15,
                        "fontWeight": "bold",
                      },
                      Object {},
                    ]
                  }
                >
                  Thân Thế Văn
                </Text>
              </Text>
              <Text
                style={
                  Array [
                    Object {
                      "color": "#181C32",
                      "fontFamily": "BeVietnamPro-Light",
                      "fontSize": 15,
                    },
                    Object {},
                  ]
                }
              >
                 commented on your post
              </Text>
            </Text>
          </View>
        </View>
      </View>
      <Text
        numberOfLines={1}
        style={
          Array [
            Object {
              "color": "#181C32",
              "fontFamily": "BeVietnamPro-Light",
              "fontSize": 13,
            },
            Object {},
            Object {
              "color": "#767D93",
            },
          ]
        }
        testID="notification_content.content"
      >
        Test noti
      </Text>
    </View>
  </View>
  <View
    onLayout={[Function]}
    style={
      Object {
        "alignItems": "center",
        "justifyContent": "flex-end",
      }
    }
  >
    <Text
      style={
        Array [
          Object {
            "color": "#181C32",
            "fontFamily": "BeVietnamPro-Light",
            "fontSize": 13,
          },
          Object {
            "color": "#767D93",
          },
          Object {
            "color": "#767D93",
            "fontSize": 13,
            "marginBottom": 12,
          },
        ]
      }
      testID="notification_item.time_view"
    >
      13w
    </Text>
    <View
      accessible={true}
      collapsable={false}
      focusable={true}
      hitSlop={
        Object {
          "bottom": 20,
          "left": 20,
          "right": 20,
          "top": 20,
        }
      }
      onClick={[Function]}
      onResponderGrant={[Function]}
      onResponderMove={[Function]}
      onResponderRelease={[Function]}
      onResponderTerminate={[Function]}
      onResponderTerminationRequest={[Function]}
      onStartShouldSetResponder={[Function]}
      style={
        Object {
          "alignItems": "center",
          "height": 28,
          "justifyContent": "center",
          "opacity": 1,
          "width": 28,
        }
      }
      testID="notificationItem.menuIcon.button"
    >
      <View
        accessibilityState={
          Object {
            "disabled": true,
          }
        }
        accessible={true}
        collapsable={false}
        focusable={false}
        hitSlop={
          Object {
            "bottom": 10,
            "left": 10,
            "right": 10,
            "top": 10,
          }
        }
        onClick={[Function]}
        onResponderGrant={[Function]}
        onResponderMove={[Function]}
        onResponderRelease={[Function]}
        onResponderTerminate={[Function]}
        onResponderTerminationRequest={[Function]}
        onStartShouldSetResponder={[Function]}
        style={
          Object {
            "opacity": 1,
          }
        }
      >
        <View
          style={
            Array [
              Object {
                "alignItems": "center",
                "flexDirection": "row",
              },
              undefined,
              Object {
                "backgroundColor": undefined,
              },
            ]
          }
        >
          <View
            style={
              Array [
                undefined,
                undefined,
                undefined,
              ]
            }
          >
            <View
              testID="notificationItem.menuIcon"
            />
          </View>
        </View>
      </View>
    </View>
  </View>
</View>
`;
