// Jest Snapshot v1, https://goo.gl/fbAQLP

exports[`NotificationAvatar component renders correctly with COMMENT verb with action comment lv1 1`] = `
<View
  style={
    Object {
      "flexDirection": "row",
    }
  }
>
  <View
    style={
      Object {
        "marginRight": 8,
      }
    }
  >
    <View
      style={
        Object {
          "borderRadius": 32,
          "height": 32,
          "width": 32,
        }
      }
      testID="avatar"
    >
      <View
        style={
          Object {
            "borderRadius": 16,
            "height": 32,
            "width": 32,
          }
        }
        testID="avatar_container"
      >
        <View
          onLayout={[Function]}
          style={
            Object {
              "backgroundColor": "transparent",
              "position": "relative",
            }
          }
        >
          <View
            style={
              Object {
                "bottom": 0,
                "left": 0,
                "opacity": 1,
                "position": "absolute",
                "right": 0,
                "top": 0,
              }
            }
          >
            <View
              style={
                Object {
                  "alignItems": "center",
                  "backgroundColor": "#f9f9f9",
                  "borderRadius": 16,
                  "height": 32,
                  "justifyContent": "center",
                  "width": 32,
                }
              }
              testID="Image__placeholder"
            />
          </View>
          <View
            style={
              Array [
                Object {
                  "overflow": "hidden",
                },
                Object {
                  "borderRadius": 16,
                  "height": 32,
                  "width": 32,
                },
              ]
            }
          >
            <FastImageView
              onFastImageError={[Function]}
              onFastImageLoadEnd={[Function]}
              resizeMode="cover"
              source={
                Object {
                  "uri": "https://bein-entity-attribute-sandbox.s3.ap-southeast-1.amazonaws.com/user/avatar/images/original/05bcb2c1-2b5c-4f6e-b493-9183946c9318",
                }
              }
              style={
                Object {
                  "bottom": 0,
                  "left": 0,
                  "position": "absolute",
                  "right": 0,
                  "top": 0,
                }
              }
              testI="notification_avatar.single"
              testID="avatar.image"
            />
          </View>
        </View>
      </View>
    </View>
  </View>
</View>
`;

exports[`NotificationAvatar component renders correctly with COMMENT verb with action comment lv2 1`] = `
<View
  style={
    Object {
      "flexDirection": "row",
    }
  }
>
  <View
    style={
      Object {
        "marginRight": 8,
      }
    }
  >
    <View
      style={
        Object {
          "borderRadius": 32,
          "height": 32,
          "width": 32,
        }
      }
      testID="avatar"
    >
      <View
        style={
          Object {
            "borderRadius": 16,
            "height": 32,
            "width": 32,
          }
        }
        testID="avatar_container"
      >
        <View
          onLayout={[Function]}
          style={
            Object {
              "backgroundColor": "transparent",
              "position": "relative",
            }
          }
        >
          <View
            style={
              Object {
                "bottom": 0,
                "left": 0,
                "opacity": 1,
                "position": "absolute",
                "right": 0,
                "top": 0,
              }
            }
          >
            <View
              style={
                Object {
                  "alignItems": "center",
                  "backgroundColor": "#f9f9f9",
                  "borderRadius": 16,
                  "height": 32,
                  "justifyContent": "center",
                  "width": 32,
                }
              }
              testID="Image__placeholder"
            />
          </View>
          <View
            style={
              Array [
                Object {
                  "overflow": "hidden",
                },
                Object {
                  "borderRadius": 16,
                  "height": 32,
                  "width": 32,
                },
              ]
            }
          >
            <FastImageView
              onFastImageError={[Function]}
              onFastImageLoadEnd={[Function]}
              resizeMode="cover"
              source={
                Object {
                  "uri": "https://bein-entity-attribute-sandbox.s3.ap-southeast-1.amazonaws.com/user/avatar/images/original/05bcb2c1-2b5c-4f6e-b493-9183946c9318",
                }
              }
              style={
                Object {
                  "bottom": 0,
                  "left": 0,
                  "position": "absolute",
                  "right": 0,
                  "top": 0,
                }
              }
              testI="notification_avatar.single"
              testID="avatar.image"
            />
          </View>
        </View>
      </View>
    </View>
  </View>
</View>
`;
