// Jest Snapshot v1, https://goo.gl/fbAQLP

exports[`Divider component renders correctly 1`] = `
<View
  style={
    Array [
      Object {
        "alignSelf": "stretch",
        "backgroundColor": "#E3E6F2",
        "height": 1,
        "marginHorizontal": 0,
        "width": undefined,
      },
      Object {},
    ]
  }
  testID="divider"
/>
`;
