// Jest Snapshot v1, https://goo.gl/fbAQLP

exports[`Experiences screen renders correctly 1`] = `
<View
  style={
    Object {
      "marginTop": 16,
      "paddingBottom": 12,
    }
  }
  testID="info_section"
>
  <Text
    style={
      Array [
        Object {
          "color": "#181C32",
          "fontFamily": "BeVietnamPro-SemiBold",
          "fontSize": 17,
        },
        Object {},
        Object {
          "marginBottom": 16,
        },
      ]
    }
    testID="info_section.title"
  >
    Experience
  </Text>
  <View>
    <View
      style={
        Object {
          "paddingBottom": 24,
        }
      }
      testID="item_experience"
    >
      <View
        style={
          Object {
            "flexDirection": "row",
            "paddingBottom": 16,
          }
        }
      >
        <View
          style={
            Object {
              "backgroundColor": "#BAC0DE",
              "height": 22,
              "marginRight": 12,
              "width": 1,
            }
          }
        />
        <Text
          style={
            Array [
              Object {
                "color": "#212745",
                "fontFamily": "BeVietnamPro-Medium",
                "fontSize": 17,
              },
              Object {
                "color": "#BAC0DE",
              },
              undefined,
            ]
          }
        >
          Work at 
          <Text
            style={
              Array [
                Object {
                  "color": "#212745",
                  "fontFamily": "BeVietnamPro-Medium",
                  "fontSize": 17,
                },
                Object {},
                undefined,
              ]
            }
          >
            company
          </Text>
        </Text>
      </View>
      <View
        style={
          Array [
            Object {
              "paddingBottom": 8,
            },
            undefined,
          ]
        }
        testID="info_item"
      >
        <Text
          style={
            Array [
              Object {
                "color": "#212745",
                "fontFamily": "BeVietnamPro-Light",
                "fontSize": 15,
              },
              Object {
                "color": "#353E6E",
              },
              undefined,
            ]
          }
          testID="info_item.title"
        >
          Position
        </Text>
        <Text
          style={
            Array [
              Object {
                "color": "#212745",
                "fontFamily": "BeVietnamPro-Medium",
                "fontSize": 15,
              },
              Object {},
              Object {
                "marginTop": 8,
              },
            ]
          }
          testID="info_item.value"
        />
      </View>
      <View
        style={
          Array [
            Object {
              "paddingBottom": 8,
            },
            undefined,
          ]
        }
        testID="info_item"
      >
        <Text
          style={
            Array [
              Object {
                "color": "#212745",
                "fontFamily": "BeVietnamPro-Light",
                "fontSize": 15,
              },
              Object {
                "color": "#353E6E",
              },
              undefined,
            ]
          }
          testID="info_item.title"
        >
          Division
        </Text>
        <Text
          style={
            Array [
              Object {
                "color": "#212745",
                "fontFamily": "BeVietnamPro-Medium",
                "fontSize": 15,
              },
              Object {},
              Object {
                "marginTop": 8,
              },
            ]
          }
          testID="info_item.value"
        />
      </View>
      <View
        style={
          Array [
            Object {
              "paddingBottom": 8,
            },
            undefined,
          ]
        }
        testID="info_item"
      >
        <Text
          style={
            Array [
              Object {
                "color": "#212745",
                "fontFamily": "BeVietnamPro-Light",
                "fontSize": 15,
              },
              Object {
                "color": "#353E6E",
              },
              undefined,
            ]
          }
          testID="info_item.title"
        >
          Start Date
        </Text>
        <Text
          style={
            Array [
              Object {
                "color": "#212745",
                "fontFamily": "BeVietnamPro-Medium",
                "fontSize": 15,
              },
              Object {},
              Object {
                "marginTop": 8,
              },
            ]
          }
          testID="info_item.value"
        />
      </View>
      <View
        style={
          Array [
            Object {
              "paddingBottom": 8,
            },
            undefined,
          ]
        }
        testID="info_item"
      >
        <Text
          style={
            Array [
              Object {
                "color": "#212745",
                "fontFamily": "BeVietnamPro-Light",
                "fontSize": 15,
              },
              Object {
                "color": "#353E6E",
              },
              undefined,
            ]
          }
          testID="info_item.title"
        >
          End Date
        </Text>
        <Text
          style={
            Array [
              Object {
                "color": "#212745",
                "fontFamily": "BeVietnamPro-Medium",
                "fontSize": 15,
              },
              Object {},
              Object {
                "marginTop": 8,
              },
            ]
          }
          testID="info_item.value"
        />
      </View>
    </View>
  </View>
</View>
`;

exports[`Experiences screen renders null 1`] = `null`;
