// Jest Snapshot v1, https://goo.gl/fbAQLP

exports[`NoNotificationFound component renders correctly 1`] = `
<View
  style={
    Object {
      "alignItems": "center",
      "flex": 1,
      "paddingTop": 24,
    }
  }
>
  <SvgMock
    fill="none"
    height={150}
    width={145}
  />
  <Text
    style={
      Array [
        Object {
          "color": "#181C32",
          "fontFamily": "BeVietnamPro-SemiBold",
          "fontSize": 17,
        },
        Object {
          "color": "#282E53",
        },
        undefined,
      ]
    }
  >
    You have no notification
  </Text>
</View>
`;
