// Jest Snapshot v1, https://goo.gl/fbAQLP

exports[`ReactionDetailBottomSheet component renders correctly 1`] = `
<View>
  <View>
    <RCTScrollView
      ListFooterComponent={[Function]}
      data={Array []}
      getItem={[Function]}
      getItemCount={[Function]}
      keyExtractor={[Function]}
      onContentSizeChange={[Function]}
      onEndReached={[Function]}
      onLayout={[Function]}
      onMomentumScrollBegin={[Function]}
      onMomentumScrollEnd={[Function]}
      onScroll={[Function]}
      onScrollBeginDrag={[Function]}
      onScrollEndDrag={[Function]}
      removeClippedSubviews={false}
      renderItem={[Function]}
      scrollEventThrottle={50}
      stickyHeaderIndices={Array []}
      style={
        Object {
          "paddingTop": 4,
        }
      }
      testID="reaction_detail_bottomSheet.list_user"
      viewabilityConfigCallbackPairs={Array []}
    >
      <View>
        <View
          onLayout={[Function]}
        />
      </View>
    </RCTScrollView>
  </View>
</View>
`;
