// Jest Snapshot v1, https://goo.gl/fbAQLP

exports[`ArticleSelectingListInfo Component renders correctly 1`] = `
<View
  style={
    Object {
      "paddingBottom": 8,
    }
  }
>
  <Text
    style={
      Array [
        Object {
          "color": "#212745",
          "fontFamily": "BeVietnamPro-Medium",
          "fontSize": 17,
        },
        Object {},
        Object {
          "paddingHorizontal": 16,
        },
      ]
    }
    testID="aritcles.slecting_list_info.info_title"
  >
    Your article will be added to
  </Text>
  <RCTScrollView
    horizontal={true}
    showsHorizontalScrollIndicator={false}
  >
    <View>
      <View
        accessible={true}
        collapsable={false}
        focusable={true}
        onClick={[Function]}
        onResponderGrant={[Function]}
        onResponderMove={[Function]}
        onResponderRelease={[Function]}
        onResponderTerminate={[Function]}
        onResponderTerminationRequest={[Function]}
        onStartShouldSetResponder={[Function]}
        style={
          Object {
            "alignItems": "center",
            "backgroundColor": "#EBF4FF",
            "borderRadius": 100,
            "flexDirection": "row",
            "height": 32,
            "justifyContent": "center",
            "marginLeft": 16,
            "marginRight": 0,
            "marginTop": 8,
            "opacity": 1,
            "paddingLeft": 4,
            "paddingRight": 4,
          }
        }
        testID="tag.item"
      >
        <Text
          style={
            Array [
              Object {
                "color": "#212745",
                "fontFamily": "BeVietnamPro-Light",
                "fontSize": 15,
              },
              Object {},
              Object {
                "color": "#007AFF",
                "paddingLeft": 4,
              },
            ]
          }
          testID="tag.label"
        >
          tag 1
        </Text>
        <View
          accessibilityState={
            Object {
              "disabled": false,
            }
          }
          accessible={true}
          collapsable={false}
          focusable={true}
          hitSlop={
            Object {
              "bottom": 10,
              "left": 10,
              "right": 10,
              "top": 10,
            }
          }
          onClick={[Function]}
          onResponderGrant={[Function]}
          onResponderMove={[Function]}
          onResponderRelease={[Function]}
          onResponderTerminate={[Function]}
          onResponderTerminationRequest={[Function]}
          onStartShouldSetResponder={[Function]}
          style={
            Object {
              "opacity": 1,
            }
          }
        >
          <View
            style={
              Array [
                Object {
                  "alignItems": "center",
                  "flexDirection": "row",
                },
                Object {
                  "marginStart": 4,
                },
                Object {
                  "backgroundColor": undefined,
                },
              ]
            }
          >
            <View
              style={
                Array [
                  undefined,
                  undefined,
                  undefined,
                ]
              }
            >
              <View
                testID="tag.icon"
              />
            </View>
          </View>
        </View>
      </View>
      <View
        accessible={true}
        collapsable={false}
        focusable={true}
        onClick={[Function]}
        onResponderGrant={[Function]}
        onResponderMove={[Function]}
        onResponderRelease={[Function]}
        onResponderTerminate={[Function]}
        onResponderTerminationRequest={[Function]}
        onStartShouldSetResponder={[Function]}
        style={
          Object {
            "alignItems": "center",
            "backgroundColor": "#EBF4FF",
            "borderRadius": 100,
            "flexDirection": "row",
            "height": 32,
            "justifyContent": "center",
            "marginLeft": 8,
            "marginRight": 0,
            "marginTop": 8,
            "opacity": 1,
            "paddingLeft": 4,
            "paddingRight": 4,
          }
        }
        testID="tag.item"
      >
        <Text
          style={
            Array [
              Object {
                "color": "#212745",
                "fontFamily": "BeVietnamPro-Light",
                "fontSize": 15,
              },
              Object {},
              Object {
                "color": "#007AFF",
                "paddingLeft": 4,
              },
            ]
          }
          testID="tag.label"
        >
          tag 2
        </Text>
        <View
          accessibilityState={
            Object {
              "disabled": false,
            }
          }
          accessible={true}
          collapsable={false}
          focusable={true}
          hitSlop={
            Object {
              "bottom": 10,
              "left": 10,
              "right": 10,
              "top": 10,
            }
          }
          onClick={[Function]}
          onResponderGrant={[Function]}
          onResponderMove={[Function]}
          onResponderRelease={[Function]}
          onResponderTerminate={[Function]}
          onResponderTerminationRequest={[Function]}
          onStartShouldSetResponder={[Function]}
          style={
            Object {
              "opacity": 1,
            }
          }
        >
          <View
            style={
              Array [
                Object {
                  "alignItems": "center",
                  "flexDirection": "row",
                },
                Object {
                  "marginStart": 4,
                },
                Object {
                  "backgroundColor": undefined,
                },
              ]
            }
          >
            <View
              style={
                Array [
                  undefined,
                  undefined,
                  undefined,
                ]
              }
            >
              <View
                testID="tag.icon"
              />
            </View>
          </View>
        </View>
      </View>
      <View
        accessible={true}
        collapsable={false}
        focusable={true}
        onClick={[Function]}
        onResponderGrant={[Function]}
        onResponderMove={[Function]}
        onResponderRelease={[Function]}
        onResponderTerminate={[Function]}
        onResponderTerminationRequest={[Function]}
        onStartShouldSetResponder={[Function]}
        style={
          Object {
            "alignItems": "center",
            "backgroundColor": "#EBF4FF",
            "borderRadius": 100,
            "flexDirection": "row",
            "height": 32,
            "justifyContent": "center",
            "marginLeft": 8,
            "marginRight": 0,
            "marginTop": 8,
            "opacity": 1,
            "paddingLeft": 4,
            "paddingRight": 4,
          }
        }
        testID="tag.item"
      >
        <Text
          style={
            Array [
              Object {
                "color": "#212745",
                "fontFamily": "BeVietnamPro-Light",
                "fontSize": 15,
              },
              Object {},
              Object {
                "color": "#007AFF",
                "paddingLeft": 4,
              },
            ]
          }
          testID="tag.label"
        >
          tag 3
        </Text>
        <View
          accessibilityState={
            Object {
              "disabled": false,
            }
          }
          accessible={true}
          collapsable={false}
          focusable={true}
          hitSlop={
            Object {
              "bottom": 10,
              "left": 10,
              "right": 10,
              "top": 10,
            }
          }
          onClick={[Function]}
          onResponderGrant={[Function]}
          onResponderMove={[Function]}
          onResponderRelease={[Function]}
          onResponderTerminate={[Function]}
          onResponderTerminationRequest={[Function]}
          onStartShouldSetResponder={[Function]}
          style={
            Object {
              "opacity": 1,
            }
          }
        >
          <View
            style={
              Array [
                Object {
                  "alignItems": "center",
                  "flexDirection": "row",
                },
                Object {
                  "marginStart": 4,
                },
                Object {
                  "backgroundColor": undefined,
                },
              ]
            }
          >
            <View
              style={
                Array [
                  undefined,
                  undefined,
                  undefined,
                ]
              }
            >
              <View
                testID="tag.icon"
              />
            </View>
          </View>
        </View>
      </View>
      <View
        accessible={true}
        collapsable={false}
        focusable={true}
        onClick={[Function]}
        onResponderGrant={[Function]}
        onResponderMove={[Function]}
        onResponderRelease={[Function]}
        onResponderTerminate={[Function]}
        onResponderTerminationRequest={[Function]}
        onStartShouldSetResponder={[Function]}
        style={
          Object {
            "alignItems": "center",
            "backgroundColor": "#EBF4FF",
            "borderRadius": 100,
            "flexDirection": "row",
            "height": 32,
            "justifyContent": "center",
            "marginLeft": 8,
            "marginRight": 0,
            "marginTop": 8,
            "opacity": 1,
            "paddingLeft": 4,
            "paddingRight": 4,
          }
        }
        testID="tag.item"
      >
        <Text
          style={
            Array [
              Object {
                "color": "#212745",
                "fontFamily": "BeVietnamPro-Light",
                "fontSize": 15,
              },
              Object {},
              Object {
                "color": "#007AFF",
                "paddingLeft": 4,
              },
            ]
          }
          testID="tag.label"
        >
          tag 4
        </Text>
        <View
          accessibilityState={
            Object {
              "disabled": false,
            }
          }
          accessible={true}
          collapsable={false}
          focusable={true}
          hitSlop={
            Object {
              "bottom": 10,
              "left": 10,
              "right": 10,
              "top": 10,
            }
          }
          onClick={[Function]}
          onResponderGrant={[Function]}
          onResponderMove={[Function]}
          onResponderRelease={[Function]}
          onResponderTerminate={[Function]}
          onResponderTerminationRequest={[Function]}
          onStartShouldSetResponder={[Function]}
          style={
            Object {
              "opacity": 1,
            }
          }
        >
          <View
            style={
              Array [
                Object {
                  "alignItems": "center",
                  "flexDirection": "row",
                },
                Object {
                  "marginStart": 4,
                },
                Object {
                  "backgroundColor": undefined,
                },
              ]
            }
          >
            <View
              style={
                Array [
                  undefined,
                  undefined,
                  undefined,
                ]
              }
            >
              <View
                testID="tag.icon"
              />
            </View>
          </View>
        </View>
      </View>
      <View
        accessible={true}
        collapsable={false}
        focusable={true}
        onClick={[Function]}
        onResponderGrant={[Function]}
        onResponderMove={[Function]}
        onResponderRelease={[Function]}
        onResponderTerminate={[Function]}
        onResponderTerminationRequest={[Function]}
        onStartShouldSetResponder={[Function]}
        style={
          Object {
            "alignItems": "center",
            "backgroundColor": "#EBF4FF",
            "borderRadius": 100,
            "flexDirection": "row",
            "height": 32,
            "justifyContent": "center",
            "marginLeft": 8,
            "marginRight": 0,
            "marginTop": 8,
            "opacity": 1,
            "paddingLeft": 4,
            "paddingRight": 4,
          }
        }
        testID="tag.item"
      >
        <Text
          style={
            Array [
              Object {
                "color": "#212745",
                "fontFamily": "BeVietnamPro-Light",
                "fontSize": 15,
              },
              Object {},
              Object {
                "color": "#007AFF",
                "paddingLeft": 4,
              },
            ]
          }
          testID="tag.label"
        >
          tag 5
        </Text>
        <View
          accessibilityState={
            Object {
              "disabled": false,
            }
          }
          accessible={true}
          collapsable={false}
          focusable={true}
          hitSlop={
            Object {
              "bottom": 10,
              "left": 10,
              "right": 10,
              "top": 10,
            }
          }
          onClick={[Function]}
          onResponderGrant={[Function]}
          onResponderMove={[Function]}
          onResponderRelease={[Function]}
          onResponderTerminate={[Function]}
          onResponderTerminationRequest={[Function]}
          onStartShouldSetResponder={[Function]}
          style={
            Object {
              "opacity": 1,
            }
          }
        >
          <View
            style={
              Array [
                Object {
                  "alignItems": "center",
                  "flexDirection": "row",
                },
                Object {
                  "marginStart": 4,
                },
                Object {
                  "backgroundColor": undefined,
                },
              ]
            }
          >
            <View
              style={
                Array [
                  undefined,
                  undefined,
                  undefined,
                ]
              }
            >
              <View
                testID="tag.icon"
              />
            </View>
          </View>
        </View>
      </View>
      <View
        accessible={true}
        collapsable={false}
        focusable={true}
        onClick={[Function]}
        onResponderGrant={[Function]}
        onResponderMove={[Function]}
        onResponderRelease={[Function]}
        onResponderTerminate={[Function]}
        onResponderTerminationRequest={[Function]}
        onStartShouldSetResponder={[Function]}
        style={
          Object {
            "alignItems": "center",
            "backgroundColor": "#EBF4FF",
            "borderRadius": 100,
            "flexDirection": "row",
            "height": 32,
            "justifyContent": "center",
            "marginLeft": 8,
            "marginRight": 0,
            "marginTop": 8,
            "opacity": 1,
            "paddingLeft": 4,
            "paddingRight": 4,
          }
        }
        testID="tag.item"
      >
        <Text
          style={
            Array [
              Object {
                "color": "#212745",
                "fontFamily": "BeVietnamPro-Light",
                "fontSize": 15,
              },
              Object {},
              Object {
                "color": "#007AFF",
                "paddingLeft": 4,
              },
            ]
          }
          testID="tag.label"
        >
          tag 6
        </Text>
        <View
          accessibilityState={
            Object {
              "disabled": false,
            }
          }
          accessible={true}
          collapsable={false}
          focusable={true}
          hitSlop={
            Object {
              "bottom": 10,
              "left": 10,
              "right": 10,
              "top": 10,
            }
          }
          onClick={[Function]}
          onResponderGrant={[Function]}
          onResponderMove={[Function]}
          onResponderRelease={[Function]}
          onResponderTerminate={[Function]}
          onResponderTerminationRequest={[Function]}
          onStartShouldSetResponder={[Function]}
          style={
            Object {
              "opacity": 1,
            }
          }
        >
          <View
            style={
              Array [
                Object {
                  "alignItems": "center",
                  "flexDirection": "row",
                },
                Object {
                  "marginStart": 4,
                },
                Object {
                  "backgroundColor": undefined,
                },
              ]
            }
          >
            <View
              style={
                Array [
                  undefined,
                  undefined,
                  undefined,
                ]
              }
            >
              <View
                testID="tag.icon"
              />
            </View>
          </View>
        </View>
      </View>
      <View
        accessible={true}
        collapsable={false}
        focusable={true}
        onClick={[Function]}
        onResponderGrant={[Function]}
        onResponderMove={[Function]}
        onResponderRelease={[Function]}
        onResponderTerminate={[Function]}
        onResponderTerminationRequest={[Function]}
        onStartShouldSetResponder={[Function]}
        style={
          Object {
            "alignItems": "center",
            "backgroundColor": "#EBF4FF",
            "borderRadius": 100,
            "flexDirection": "row",
            "height": 32,
            "justifyContent": "center",
            "marginLeft": 8,
            "marginRight": 16,
            "marginTop": 8,
            "opacity": 1,
            "paddingLeft": 4,
            "paddingRight": 4,
          }
        }
        testID="tag.item"
      >
        <Text
          style={
            Array [
              Object {
                "color": "#212745",
                "fontFamily": "BeVietnamPro-Light",
                "fontSize": 15,
              },
              Object {},
              Object {
                "color": "#007AFF",
                "paddingLeft": 4,
              },
            ]
          }
          testID="tag.label"
        >
          tag 7
        </Text>
        <View
          accessibilityState={
            Object {
              "disabled": false,
            }
          }
          accessible={true}
          collapsable={false}
          focusable={true}
          hitSlop={
            Object {
              "bottom": 10,
              "left": 10,
              "right": 10,
              "top": 10,
            }
          }
          onClick={[Function]}
          onResponderGrant={[Function]}
          onResponderMove={[Function]}
          onResponderRelease={[Function]}
          onResponderTerminate={[Function]}
          onResponderTerminationRequest={[Function]}
          onStartShouldSetResponder={[Function]}
          style={
            Object {
              "opacity": 1,
            }
          }
        >
          <View
            style={
              Array [
                Object {
                  "alignItems": "center",
                  "flexDirection": "row",
                },
                Object {
                  "marginStart": 4,
                },
                Object {
                  "backgroundColor": undefined,
                },
              ]
            }
          >
            <View
              style={
                Array [
                  undefined,
                  undefined,
                  undefined,
                ]
              }
            >
              <View
                testID="tag.icon"
              />
            </View>
          </View>
        </View>
      </View>
    </View>
  </RCTScrollView>
</View>
`;
