// Jest Snapshot v1, https://goo.gl/fbAQLP

exports[`SeenCountsView renders correctly seen counts view 1`] = `
<View
  style={
    Array [
      Object {
        "alignItems": "flex-end",
        "paddingBottom": 6,
        "paddingHorizontal": 16,
        "paddingTop": 12,
      },
      undefined,
    ]
  }
>
  <View
    accessible={true}
    collapsable={false}
    focusable={true}
    onClick={[Function]}
    onResponderGrant={[Function]}
    onResponderMove={[Function]}
    onResponderRelease={[Function]}
    onResponderTerminate={[Function]}
    onResponderTerminationRequest={[Function]}
    onStartShouldSetResponder={[Function]}
    style={
      Object {
        "opacity": 1,
      }
    }
    testID="seen_counts_view.touchable_opacity"
  >
    <Text
      numberOfLines={1}
      style={
        Array [
          Object {
            "color": "#212745",
            "fontFamily": "BeVietnamPro-Light",
            "fontSize": 13,
          },
          Object {
            "color": "#353E6E",
          },
          undefined,
        ]
      }
      testID="seen_counts_view.show_text"
    >
      Interested by 
      <Text
        style={
          Array [
            Object {
              "color": "#212745",
              "fontFamily": "BeVietnamPro-Medium",
              "fontSize": 13,
            },
            Object {
              "color": "#353E6E",
            },
            undefined,
          ]
        }
      >
        0
      </Text>
    </Text>
  </View>
</View>
`;
