// Jest Snapshot v1, https://goo.gl/fbAQLP

exports[`ItemExperience component renders correctly 1`] = `
<View
  testID="item_experience"
>
  <View
    style={
      Object {
        "flexDirection": "row",
        "justifyContent": "space-between",
        "paddingBottom": 16,
      }
    }
  >
    <View
      style={
        Object {
          "flex": 1,
          "flexDirection": "row",
          "marginRight": 8,
        }
      }
    >
      <View
        style={
          Object {
            "backgroundColor": "#BAC0DE",
            "height": 22,
            "marginRight": 12,
            "width": 1,
          }
        }
      />
      <Text
        style={
          Array [
            Object {
              "color": "#212745",
              "fontFamily": "BeVietnamPro-Medium",
              "fontSize": 17,
            },
            Object {
              "color": "#BAC0DE",
            },
            undefined,
          ]
        }
      >
        Work at 
        <Text
          style={
            Array [
              Object {
                "color": "#212745",
                "fontFamily": "BeVietnamPro-Medium",
                "fontSize": 17,
              },
              Object {},
              undefined,
            ]
          }
        >
          company
        </Text>
      </Text>
    </View>
    <View
      style={
        Object {
          "flexDirection": "row",
          "marginLeft": 12,
        }
      }
    >
      <View
        accessible={true}
        focusable={true}
        onClick={[Function]}
        onResponderGrant={[Function]}
        onResponderMove={[Function]}
        onResponderRelease={[Function]}
        onResponderTerminate={[Function]}
        onResponderTerminationRequest={[Function]}
        onStartShouldSetResponder={[Function]}
        style={
          Array [
            Object {
              "borderRadius": 8,
            },
            Array [
              undefined,
            ],
          ]
        }
        testID="button_wrapper"
      >
        <View
          style={
            Array [
              Object {
                "alignItems": "center",
                "borderRadius": 8,
                "flexDirection": "row",
                "justifyContent": "center",
                "paddingVertical": 4,
              },
              undefined,
              Object {
                "backgroundColor": "#FEECED",
                "height": 28,
                "paddingHorizontal": 8,
              },
            ]
          }
          testID="button.content"
        >
          <View
            accessibilityState={
              Object {
                "disabled": true,
              }
            }
            accessible={true}
            collapsable={false}
            focusable={false}
            hitSlop={
              Object {
                "bottom": 10,
                "left": 10,
                "right": 10,
                "top": 10,
              }
            }
            onClick={[Function]}
            onResponderGrant={[Function]}
            onResponderMove={[Function]}
            onResponderRelease={[Function]}
            onResponderTerminate={[Function]}
            onResponderTerminationRequest={[Function]}
            onStartShouldSetResponder={[Function]}
            style={
              Object {
                "opacity": 1,
              }
            }
          >
            <View
              style={
                Array [
                  Object {
                    "alignItems": "center",
                    "flexDirection": "row",
                  },
                  undefined,
                  Object {
                    "backgroundColor": undefined,
                  },
                ]
              }
            >
              <View
                style={
                  Array [
                    undefined,
                    undefined,
                    undefined,
                  ]
                }
              >
                <View
                  testID="button.icon"
                />
              </View>
            </View>
          </View>
        </View>
      </View>
      <View
        style={
          Object {
            "height": undefined,
            "paddingHorizontal": undefined,
            "paddingVertical": undefined,
            "width": 8,
          }
        }
      />
      <View
        accessible={true}
        focusable={true}
        onClick={[Function]}
        onResponderGrant={[Function]}
        onResponderMove={[Function]}
        onResponderRelease={[Function]}
        onResponderTerminate={[Function]}
        onResponderTerminationRequest={[Function]}
        onStartShouldSetResponder={[Function]}
        style={
          Array [
            Object {
              "borderRadius": 8,
            },
            Array [
              undefined,
            ],
          ]
        }
        testID="button_wrapper"
      >
        <View
          style={
            Array [
              Object {
                "alignItems": "center",
                "borderRadius": 8,
                "flexDirection": "row",
                "justifyContent": "center",
                "paddingVertical": 4,
              },
              undefined,
              Object {
                "backgroundColor": "#EBF4FF",
                "height": 28,
                "paddingHorizontal": 8,
              },
            ]
          }
          testID="button.content"
        >
          <View
            accessibilityState={
              Object {
                "disabled": true,
              }
            }
            accessible={true}
            collapsable={false}
            focusable={false}
            hitSlop={
              Object {
                "bottom": 10,
                "left": 10,
                "right": 10,
                "top": 10,
              }
            }
            onClick={[Function]}
            onResponderGrant={[Function]}
            onResponderMove={[Function]}
            onResponderRelease={[Function]}
            onResponderTerminate={[Function]}
            onResponderTerminationRequest={[Function]}
            onStartShouldSetResponder={[Function]}
            style={
              Object {
                "opacity": 1,
              }
            }
          >
            <View
              style={
                Array [
                  Object {
                    "alignItems": "center",
                    "flexDirection": "row",
                  },
                  undefined,
                  Object {
                    "backgroundColor": undefined,
                  },
                ]
              }
            >
              <View
                style={
                  Array [
                    undefined,
                    undefined,
                    undefined,
                  ]
                }
              >
                <View
                  testID="button.icon"
                />
              </View>
            </View>
          </View>
        </View>
      </View>
    </View>
  </View>
  <View
    style={
      Array [
        Object {
          "paddingBottom": 16,
        },
        undefined,
      ]
    }
    testID="info_item"
  >
    <Text
      style={
        Array [
          Object {
            "color": "#212745",
            "fontFamily": "BeVietnamPro-Light",
            "fontSize": 14,
          },
          Object {
            "color": "#353E6E",
          },
          undefined,
        ]
      }
      testID="info_item.title"
    >
      Position
    </Text>
    <Text
      style={
        Array [
          Object {
            "color": "#212745",
            "fontFamily": "BeVietnamPro-Medium",
            "fontSize": 15,
          },
          Object {},
          Object {
            "marginTop": 4,
          },
        ]
      }
      testID="info_item.value"
    >
      titlePosition
    </Text>
  </View>
  <View
    style={
      Array [
        Object {
          "paddingBottom": 16,
        },
        undefined,
      ]
    }
    testID="info_item"
  >
    <Text
      style={
        Array [
          Object {
            "color": "#212745",
            "fontFamily": "BeVietnamPro-Light",
            "fontSize": 14,
          },
          Object {
            "color": "#353E6E",
          },
          undefined,
        ]
      }
      testID="info_item.title"
    >
      Location
    </Text>
    <Text
      style={
        Array [
          Object {
            "color": "#212745",
            "fontFamily": "BeVietnamPro-Medium",
            "fontSize": 15,
          },
          Object {},
          Object {
            "marginTop": 4,
          },
        ]
      }
      testID="info_item.value"
    >
      location
    </Text>
  </View>
  <View
    style={
      Array [
        Object {
          "paddingBottom": 16,
        },
        undefined,
      ]
    }
    testID="info_item"
  >
    <Text
      style={
        Array [
          Object {
            "color": "#212745",
            "fontFamily": "BeVietnamPro-Light",
            "fontSize": 14,
          },
          Object {
            "color": "#353E6E",
          },
          undefined,
        ]
      }
      testID="info_item.title"
    >
      Start date
    </Text>
    <Text
      style={
        Array [
          Object {
            "color": "#212745",
            "fontFamily": "BeVietnamPro-Medium",
            "fontSize": 15,
          },
          Object {},
          Object {
            "marginTop": 4,
          },
        ]
      }
      testID="info_item.value"
    >
      Mar 7, 2022
    </Text>
  </View>
  <View
    style={
      Array [
        Object {
          "paddingBottom": 16,
        },
        undefined,
      ]
    }
    testID="info_item"
  >
    <Text
      style={
        Array [
          Object {
            "color": "#212745",
            "fontFamily": "BeVietnamPro-Light",
            "fontSize": 14,
          },
          Object {
            "color": "#353E6E",
          },
          undefined,
        ]
      }
      testID="info_item.title"
    >
      End date
    </Text>
    <Text
      style={
        Array [
          Object {
            "color": "#212745",
            "fontFamily": "BeVietnamPro-Medium",
            "fontSize": 15,
          },
          Object {},
          Object {
            "marginTop": 4,
          },
        ]
      }
      testID="info_item.value"
    >
      Present
    </Text>
  </View>
  <View
    style={
      Array [
        Object {
          "paddingBottom": 16,
        },
        undefined,
      ]
    }
    testID="info_item"
  >
    <Text
      style={
        Array [
          Object {
            "color": "#212745",
            "fontFamily": "BeVietnamPro-Light",
            "fontSize": 14,
          },
          Object {
            "color": "#353E6E",
          },
          undefined,
        ]
      }
      testID="info_item.title"
    >
      Description
    </Text>
    <Text
      style={
        Array [
          Object {
            "color": "#212745",
            "fontFamily": "BeVietnamPro-Medium",
            "fontSize": 15,
          },
          Object {},
          Object {
            "marginTop": 4,
          },
        ]
      }
      testID="info_item.value"
    >
      Not set
    </Text>
  </View>
</View>
`;
