// Jest Snapshot v1, https://goo.gl/fbAQLP

exports[`NFSRecentSearchKeyword component should render empty recent search keyword 1`] = `
<Text
  style={
    Array [
      Object {
        "color": "#212745",
        "fontFamily": "BeVietnamPro-Light",
        "fontSize": 13,
      },
      Object {},
      Object {
        "margin": 24,
        "textAlign": "center",
      },
    ]
  }
>
  No recent searches
</Text>
`;

exports[`NFSRecentSearchKeyword component should render list recent search keyword 1`] = `
<View
  style={
    Object {
      "paddingHorizontal": 16,
    }
  }
>
  <View
    style={
      Object {
        "alignItems": "center",
        "flexDirection": "row",
        "height": 60,
      }
    }
  >
    <Text
      style={
        Array [
          Object {
            "color": "#181C32",
            "fontFamily": "BeVietnamPro-SemiBold",
            "fontSize": 17,
          },
          Object {},
          Object {
            "flex": 1,
          },
        ]
      }
    >
      Recent searches
    </Text>
    <View
      accessible={true}
      collapsable={false}
      focusable={true}
      onClick={[Function]}
      onResponderGrant={[Function]}
      onResponderMove={[Function]}
      onResponderRelease={[Function]}
      onResponderTerminate={[Function]}
      onResponderTerminationRequest={[Function]}
      onStartShouldSetResponder={[Function]}
      style={
        Object {
          "alignSelf": "center",
          "justifyContent": "center",
          "opacity": 1,
        }
      }
      testID="recent_search_keyword.btn_clear"
    >
      <View
        style={
          Array [
            Object {
              "alignItems": "center",
              "flexDirection": "row",
              "justifyContent": "center",
            },
            undefined,
          ]
        }
        testID="button_wrapper.content"
      >
        <Text
          style={
            Array [
              Object {
                "color": "#007AFF",
                "fontFamily": "BeVietnamPro-Medium",
                "fontSize": 13,
              },
              Object {},
              undefined,
            ]
          }
        >
          Clear all
        </Text>
      </View>
    </View>
  </View>
  <View>
    <View
      accessibilityState={
        Object {
          "disabled": false,
        }
      }
      accessible={true}
      collapsable={false}
      focusable={true}
      onClick={[Function]}
      onResponderGrant={[Function]}
      onResponderMove={[Function]}
      onResponderRelease={[Function]}
      onResponderTerminate={[Function]}
      onResponderTerminationRequest={[Function]}
      onStartShouldSetResponder={[Function]}
      style={
        Object {
          "alignItems": "center",
          "flexDirection": "row",
          "opacity": 1,
          "paddingHorizontal": 0,
          "paddingVertical": 12,
        }
      }
      testID="recent_search_keyword.item_0"
    >
      <View
        accessibilityState={
          Object {
            "disabled": true,
          }
        }
        accessible={true}
        collapsable={false}
        focusable={false}
        hitSlop={
          Object {
            "bottom": 10,
            "left": 10,
            "right": 10,
            "top": 10,
          }
        }
        onClick={[Function]}
        onResponderGrant={[Function]}
        onResponderMove={[Function]}
        onResponderRelease={[Function]}
        onResponderTerminate={[Function]}
        onResponderTerminationRequest={[Function]}
        onStartShouldSetResponder={[Function]}
        style={
          Object {
            "opacity": 1,
          }
        }
      >
        <View
          style={
            Array [
              Object {
                "alignItems": "center",
                "flexDirection": "row",
              },
              Object {
                "marginRight": 12,
              },
              Object {
                "backgroundColor": undefined,
              },
            ]
          }
        >
          <View
            style={
              Array [
                undefined,
                undefined,
                undefined,
              ]
            }
          >
            <View />
          </View>
        </View>
      </View>
      <View
        style={
          Object {
            "flex": 1,
          }
        }
      >
        <Text
          numberOfLines={2}
          style={
            Array [
              Object {
                "color": "#212745",
                "fontFamily": "BeVietnamPro-Medium",
                "fontSize": 15,
              },
              Object {},
              undefined,
            ]
          }
        >
          hu
        </Text>
      </View>
      <View
        accessible={true}
        collapsable={false}
        focusable={true}
        onClick={[Function]}
        onResponderGrant={[Function]}
        onResponderMove={[Function]}
        onResponderRelease={[Function]}
        onResponderTerminate={[Function]}
        onResponderTerminationRequest={[Function]}
        onStartShouldSetResponder={[Function]}
        style={
          Object {
            "opacity": 1,
          }
        }
        testID="recent_search_keyword.btn_delete_item_0"
      >
        <View
          accessibilityState={
            Object {
              "disabled": true,
            }
          }
          accessible={true}
          collapsable={false}
          focusable={false}
          hitSlop={
            Object {
              "bottom": 10,
              "left": 10,
              "right": 10,
              "top": 10,
            }
          }
          onClick={[Function]}
          onResponderGrant={[Function]}
          onResponderMove={[Function]}
          onResponderRelease={[Function]}
          onResponderTerminate={[Function]}
          onResponderTerminationRequest={[Function]}
          onStartShouldSetResponder={[Function]}
          style={
            Object {
              "opacity": 1,
            }
          }
        >
          <View
            style={
              Array [
                Object {
                  "alignItems": "center",
                  "flexDirection": "row",
                },
                undefined,
                Object {
                  "backgroundColor": undefined,
                },
              ]
            }
          >
            <View
              style={
                Array [
                  undefined,
                  undefined,
                  undefined,
                ]
              }
            >
              <View />
            </View>
          </View>
        </View>
      </View>
    </View>
  </View>
  <View>
    <View
      accessibilityState={
        Object {
          "disabled": false,
        }
      }
      accessible={true}
      collapsable={false}
      focusable={true}
      onClick={[Function]}
      onResponderGrant={[Function]}
      onResponderMove={[Function]}
      onResponderRelease={[Function]}
      onResponderTerminate={[Function]}
      onResponderTerminationRequest={[Function]}
      onStartShouldSetResponder={[Function]}
      style={
        Object {
          "alignItems": "center",
          "flexDirection": "row",
          "opacity": 1,
          "paddingHorizontal": 0,
          "paddingVertical": 12,
        }
      }
      testID="recent_search_keyword.item_1"
    >
      <View
        accessibilityState={
          Object {
            "disabled": true,
          }
        }
        accessible={true}
        collapsable={false}
        focusable={false}
        hitSlop={
          Object {
            "bottom": 10,
            "left": 10,
            "right": 10,
            "top": 10,
          }
        }
        onClick={[Function]}
        onResponderGrant={[Function]}
        onResponderMove={[Function]}
        onResponderRelease={[Function]}
        onResponderTerminate={[Function]}
        onResponderTerminationRequest={[Function]}
        onStartShouldSetResponder={[Function]}
        style={
          Object {
            "opacity": 1,
          }
        }
      >
        <View
          style={
            Array [
              Object {
                "alignItems": "center",
                "flexDirection": "row",
              },
              Object {
                "marginRight": 12,
              },
              Object {
                "backgroundColor": undefined,
              },
            ]
          }
        >
          <View
            style={
              Array [
                undefined,
                undefined,
                undefined,
              ]
            }
          >
            <View />
          </View>
        </View>
      </View>
      <View
        style={
          Object {
            "flex": 1,
          }
        }
      >
        <Text
          numberOfLines={2}
          style={
            Array [
              Object {
                "color": "#212745",
                "fontFamily": "BeVietnamPro-Medium",
                "fontSize": 15,
              },
              Object {},
              undefined,
            ]
          }
        >
          k
        </Text>
      </View>
      <View
        accessible={true}
        collapsable={false}
        focusable={true}
        onClick={[Function]}
        onResponderGrant={[Function]}
        onResponderMove={[Function]}
        onResponderRelease={[Function]}
        onResponderTerminate={[Function]}
        onResponderTerminationRequest={[Function]}
        onStartShouldSetResponder={[Function]}
        style={
          Object {
            "opacity": 1,
          }
        }
        testID="recent_search_keyword.btn_delete_item_1"
      >
        <View
          accessibilityState={
            Object {
              "disabled": true,
            }
          }
          accessible={true}
          collapsable={false}
          focusable={false}
          hitSlop={
            Object {
              "bottom": 10,
              "left": 10,
              "right": 10,
              "top": 10,
            }
          }
          onClick={[Function]}
          onResponderGrant={[Function]}
          onResponderMove={[Function]}
          onResponderRelease={[Function]}
          onResponderTerminate={[Function]}
          onResponderTerminationRequest={[Function]}
          onStartShouldSetResponder={[Function]}
          style={
            Object {
              "opacity": 1,
            }
          }
        >
          <View
            style={
              Array [
                Object {
                  "alignItems": "center",
                  "flexDirection": "row",
                },
                undefined,
                Object {
                  "backgroundColor": undefined,
                },
              ]
            }
          >
            <View
              style={
                Array [
                  undefined,
                  undefined,
                  undefined,
                ]
              }
            >
              <View />
            </View>
          </View>
        </View>
      </View>
    </View>
  </View>
  <View>
    <View
      accessibilityState={
        Object {
          "disabled": false,
        }
      }
      accessible={true}
      collapsable={false}
      focusable={true}
      onClick={[Function]}
      onResponderGrant={[Function]}
      onResponderMove={[Function]}
      onResponderRelease={[Function]}
      onResponderTerminate={[Function]}
      onResponderTerminationRequest={[Function]}
      onStartShouldSetResponder={[Function]}
      style={
        Object {
          "alignItems": "center",
          "flexDirection": "row",
          "opacity": 1,
          "paddingHorizontal": 0,
          "paddingVertical": 12,
        }
      }
      testID="recent_search_keyword.item_2"
    >
      <View
        accessibilityState={
          Object {
            "disabled": true,
          }
        }
        accessible={true}
        collapsable={false}
        focusable={false}
        hitSlop={
          Object {
            "bottom": 10,
            "left": 10,
            "right": 10,
            "top": 10,
          }
        }
        onClick={[Function]}
        onResponderGrant={[Function]}
        onResponderMove={[Function]}
        onResponderRelease={[Function]}
        onResponderTerminate={[Function]}
        onResponderTerminationRequest={[Function]}
        onStartShouldSetResponder={[Function]}
        style={
          Object {
            "opacity": 1,
          }
        }
      >
        <View
          style={
            Array [
              Object {
                "alignItems": "center",
                "flexDirection": "row",
              },
              Object {
                "marginRight": 12,
              },
              Object {
                "backgroundColor": undefined,
              },
            ]
          }
        >
          <View
            style={
              Array [
                undefined,
                undefined,
                undefined,
              ]
            }
          >
            <View />
          </View>
        </View>
      </View>
      <View
        style={
          Object {
            "flex": 1,
          }
        }
      >
        <Text
          numberOfLines={2}
          style={
            Array [
              Object {
                "color": "#212745",
                "fontFamily": "BeVietnamPro-Medium",
                "fontSize": 15,
              },
              Object {},
              undefined,
            ]
          }
        >
          testasd
        </Text>
      </View>
      <View
        accessible={true}
        collapsable={false}
        focusable={true}
        onClick={[Function]}
        onResponderGrant={[Function]}
        onResponderMove={[Function]}
        onResponderRelease={[Function]}
        onResponderTerminate={[Function]}
        onResponderTerminationRequest={[Function]}
        onStartShouldSetResponder={[Function]}
        style={
          Object {
            "opacity": 1,
          }
        }
        testID="recent_search_keyword.btn_delete_item_2"
      >
        <View
          accessibilityState={
            Object {
              "disabled": true,
            }
          }
          accessible={true}
          collapsable={false}
          focusable={false}
          hitSlop={
            Object {
              "bottom": 10,
              "left": 10,
              "right": 10,
              "top": 10,
            }
          }
          onClick={[Function]}
          onResponderGrant={[Function]}
          onResponderMove={[Function]}
          onResponderRelease={[Function]}
          onResponderTerminate={[Function]}
          onResponderTerminationRequest={[Function]}
          onStartShouldSetResponder={[Function]}
          style={
            Object {
              "opacity": 1,
            }
          }
        >
          <View
            style={
              Array [
                Object {
                  "alignItems": "center",
                  "flexDirection": "row",
                },
                undefined,
                Object {
                  "backgroundColor": undefined,
                },
              ]
            }
          >
            <View
              style={
                Array [
                  undefined,
                  undefined,
                  undefined,
                ]
              }
            >
              <View />
            </View>
          </View>
        </View>
      </View>
    </View>
  </View>
  <View>
    <View
      accessibilityState={
        Object {
          "disabled": false,
        }
      }
      accessible={true}
      collapsable={false}
      focusable={true}
      onClick={[Function]}
      onResponderGrant={[Function]}
      onResponderMove={[Function]}
      onResponderRelease={[Function]}
      onResponderTerminate={[Function]}
      onResponderTerminationRequest={[Function]}
      onStartShouldSetResponder={[Function]}
      style={
        Object {
          "alignItems": "center",
          "flexDirection": "row",
          "opacity": 1,
          "paddingHorizontal": 0,
          "paddingVertical": 12,
        }
      }
      testID="recent_search_keyword.item_3"
    >
      <View
        accessibilityState={
          Object {
            "disabled": true,
          }
        }
        accessible={true}
        collapsable={false}
        focusable={false}
        hitSlop={
          Object {
            "bottom": 10,
            "left": 10,
            "right": 10,
            "top": 10,
          }
        }
        onClick={[Function]}
        onResponderGrant={[Function]}
        onResponderMove={[Function]}
        onResponderRelease={[Function]}
        onResponderTerminate={[Function]}
        onResponderTerminationRequest={[Function]}
        onStartShouldSetResponder={[Function]}
        style={
          Object {
            "opacity": 1,
          }
        }
      >
        <View
          style={
            Array [
              Object {
                "alignItems": "center",
                "flexDirection": "row",
              },
              Object {
                "marginRight": 12,
              },
              Object {
                "backgroundColor": undefined,
              },
            ]
          }
        >
          <View
            style={
              Array [
                undefined,
                undefined,
                undefined,
              ]
            }
          >
            <View />
          </View>
        </View>
      </View>
      <View
        style={
          Object {
            "flex": 1,
          }
        }
      >
        <Text
          numberOfLines={2}
          style={
            Array [
              Object {
                "color": "#212745",
                "fontFamily": "BeVietnamPro-Medium",
                "fontSize": 15,
              },
              Object {},
              undefined,
            ]
          }
        >
          hihi
        </Text>
      </View>
      <View
        accessible={true}
        collapsable={false}
        focusable={true}
        onClick={[Function]}
        onResponderGrant={[Function]}
        onResponderMove={[Function]}
        onResponderRelease={[Function]}
        onResponderTerminate={[Function]}
        onResponderTerminationRequest={[Function]}
        onStartShouldSetResponder={[Function]}
        style={
          Object {
            "opacity": 1,
          }
        }
        testID="recent_search_keyword.btn_delete_item_3"
      >
        <View
          accessibilityState={
            Object {
              "disabled": true,
            }
          }
          accessible={true}
          collapsable={false}
          focusable={false}
          hitSlop={
            Object {
              "bottom": 10,
              "left": 10,
              "right": 10,
              "top": 10,
            }
          }
          onClick={[Function]}
          onResponderGrant={[Function]}
          onResponderMove={[Function]}
          onResponderRelease={[Function]}
          onResponderTerminate={[Function]}
          onResponderTerminationRequest={[Function]}
          onStartShouldSetResponder={[Function]}
          style={
            Object {
              "opacity": 1,
            }
          }
        >
          <View
            style={
              Array [
                Object {
                  "alignItems": "center",
                  "flexDirection": "row",
                },
                undefined,
                Object {
                  "backgroundColor": undefined,
                },
              ]
            }
          >
            <View
              style={
                Array [
                  undefined,
                  undefined,
                  undefined,
                ]
              }
            >
              <View />
            </View>
          </View>
        </View>
      </View>
    </View>
  </View>
  <View>
    <View
      accessibilityState={
        Object {
          "disabled": false,
        }
      }
      accessible={true}
      collapsable={false}
      focusable={true}
      onClick={[Function]}
      onResponderGrant={[Function]}
      onResponderMove={[Function]}
      onResponderRelease={[Function]}
      onResponderTerminate={[Function]}
      onResponderTerminationRequest={[Function]}
      onStartShouldSetResponder={[Function]}
      style={
        Object {
          "alignItems": "center",
          "flexDirection": "row",
          "opacity": 1,
          "paddingHorizontal": 0,
          "paddingVertical": 12,
        }
      }
      testID="recent_search_keyword.item_4"
    >
      <View
        accessibilityState={
          Object {
            "disabled": true,
          }
        }
        accessible={true}
        collapsable={false}
        focusable={false}
        hitSlop={
          Object {
            "bottom": 10,
            "left": 10,
            "right": 10,
            "top": 10,
          }
        }
        onClick={[Function]}
        onResponderGrant={[Function]}
        onResponderMove={[Function]}
        onResponderRelease={[Function]}
        onResponderTerminate={[Function]}
        onResponderTerminationRequest={[Function]}
        onStartShouldSetResponder={[Function]}
        style={
          Object {
            "opacity": 1,
          }
        }
      >
        <View
          style={
            Array [
              Object {
                "alignItems": "center",
                "flexDirection": "row",
              },
              Object {
                "marginRight": 12,
              },
              Object {
                "backgroundColor": undefined,
              },
            ]
          }
        >
          <View
            style={
              Array [
                undefined,
                undefined,
                undefined,
              ]
            }
          >
            <View />
          </View>
        </View>
      </View>
      <View
        style={
          Object {
            "flex": 1,
          }
        }
      >
        <Text
          numberOfLines={2}
          style={
            Array [
              Object {
                "color": "#212745",
                "fontFamily": "BeVietnamPro-Medium",
                "fontSize": 15,
              },
              Object {},
              undefined,
            ]
          }
        >
          sssssss
        </Text>
      </View>
      <View
        accessible={true}
        collapsable={false}
        focusable={true}
        onClick={[Function]}
        onResponderGrant={[Function]}
        onResponderMove={[Function]}
        onResponderRelease={[Function]}
        onResponderTerminate={[Function]}
        onResponderTerminationRequest={[Function]}
        onStartShouldSetResponder={[Function]}
        style={
          Object {
            "opacity": 1,
          }
        }
        testID="recent_search_keyword.btn_delete_item_4"
      >
        <View
          accessibilityState={
            Object {
              "disabled": true,
            }
          }
          accessible={true}
          collapsable={false}
          focusable={false}
          hitSlop={
            Object {
              "bottom": 10,
              "left": 10,
              "right": 10,
              "top": 10,
            }
          }
          onClick={[Function]}
          onResponderGrant={[Function]}
          onResponderMove={[Function]}
          onResponderRelease={[Function]}
          onResponderTerminate={[Function]}
          onResponderTerminationRequest={[Function]}
          onStartShouldSetResponder={[Function]}
          style={
            Object {
              "opacity": 1,
            }
          }
        >
          <View
            style={
              Array [
                Object {
                  "alignItems": "center",
                  "flexDirection": "row",
                },
                undefined,
                Object {
                  "backgroundColor": undefined,
                },
              ]
            }
          >
            <View
              style={
                Array [
                  undefined,
                  undefined,
                  undefined,
                ]
              }
            >
              <View />
            </View>
          </View>
        </View>
      </View>
    </View>
  </View>
  <View>
    <View
      accessibilityState={
        Object {
          "disabled": false,
        }
      }
      accessible={true}
      collapsable={false}
      focusable={true}
      onClick={[Function]}
      onResponderGrant={[Function]}
      onResponderMove={[Function]}
      onResponderRelease={[Function]}
      onResponderTerminate={[Function]}
      onResponderTerminationRequest={[Function]}
      onStartShouldSetResponder={[Function]}
      style={
        Object {
          "alignItems": "center",
          "flexDirection": "row",
          "opacity": 1,
          "paddingHorizontal": 0,
          "paddingVertical": 12,
        }
      }
      testID="recent_search_keyword.item_5"
    >
      <View
        accessibilityState={
          Object {
            "disabled": true,
          }
        }
        accessible={true}
        collapsable={false}
        focusable={false}
        hitSlop={
          Object {
            "bottom": 10,
            "left": 10,
            "right": 10,
            "top": 10,
          }
        }
        onClick={[Function]}
        onResponderGrant={[Function]}
        onResponderMove={[Function]}
        onResponderRelease={[Function]}
        onResponderTerminate={[Function]}
        onResponderTerminationRequest={[Function]}
        onStartShouldSetResponder={[Function]}
        style={
          Object {
            "opacity": 1,
          }
        }
      >
        <View
          style={
            Array [
              Object {
                "alignItems": "center",
                "flexDirection": "row",
              },
              Object {
                "marginRight": 12,
              },
              Object {
                "backgroundColor": undefined,
              },
            ]
          }
        >
          <View
            style={
              Array [
                undefined,
                undefined,
                undefined,
              ]
            }
          >
            <View />
          </View>
        </View>
      </View>
      <View
        style={
          Object {
            "flex": 1,
          }
        }
      >
        <Text
          numberOfLines={2}
          style={
            Array [
              Object {
                "color": "#212745",
                "fontFamily": "BeVietnamPro-Medium",
                "fontSize": 15,
              },
              Object {},
              undefined,
            ]
          }
        >
          tétasd
        </Text>
      </View>
      <View
        accessible={true}
        collapsable={false}
        focusable={true}
        onClick={[Function]}
        onResponderGrant={[Function]}
        onResponderMove={[Function]}
        onResponderRelease={[Function]}
        onResponderTerminate={[Function]}
        onResponderTerminationRequest={[Function]}
        onStartShouldSetResponder={[Function]}
        style={
          Object {
            "opacity": 1,
          }
        }
        testID="recent_search_keyword.btn_delete_item_5"
      >
        <View
          accessibilityState={
            Object {
              "disabled": true,
            }
          }
          accessible={true}
          collapsable={false}
          focusable={false}
          hitSlop={
            Object {
              "bottom": 10,
              "left": 10,
              "right": 10,
              "top": 10,
            }
          }
          onClick={[Function]}
          onResponderGrant={[Function]}
          onResponderMove={[Function]}
          onResponderRelease={[Function]}
          onResponderTerminate={[Function]}
          onResponderTerminationRequest={[Function]}
          onStartShouldSetResponder={[Function]}
          style={
            Object {
              "opacity": 1,
            }
          }
        >
          <View
            style={
              Array [
                Object {
                  "alignItems": "center",
                  "flexDirection": "row",
                },
                undefined,
                Object {
                  "backgroundColor": undefined,
                },
              ]
            }
          >
            <View
              style={
                Array [
                  undefined,
                  undefined,
                  undefined,
                ]
              }
            >
              <View />
            </View>
          </View>
        </View>
      </View>
    </View>
  </View>
  <View>
    <View
      accessibilityState={
        Object {
          "disabled": false,
        }
      }
      accessible={true}
      collapsable={false}
      focusable={true}
      onClick={[Function]}
      onResponderGrant={[Function]}
      onResponderMove={[Function]}
      onResponderRelease={[Function]}
      onResponderTerminate={[Function]}
      onResponderTerminationRequest={[Function]}
      onStartShouldSetResponder={[Function]}
      style={
        Object {
          "alignItems": "center",
          "flexDirection": "row",
          "opacity": 1,
          "paddingHorizontal": 0,
          "paddingVertical": 12,
        }
      }
      testID="recent_search_keyword.item_6"
    >
      <View
        accessibilityState={
          Object {
            "disabled": true,
          }
        }
        accessible={true}
        collapsable={false}
        focusable={false}
        hitSlop={
          Object {
            "bottom": 10,
            "left": 10,
            "right": 10,
            "top": 10,
          }
        }
        onClick={[Function]}
        onResponderGrant={[Function]}
        onResponderMove={[Function]}
        onResponderRelease={[Function]}
        onResponderTerminate={[Function]}
        onResponderTerminationRequest={[Function]}
        onStartShouldSetResponder={[Function]}
        style={
          Object {
            "opacity": 1,
          }
        }
      >
        <View
          style={
            Array [
              Object {
                "alignItems": "center",
                "flexDirection": "row",
              },
              Object {
                "marginRight": 12,
              },
              Object {
                "backgroundColor": undefined,
              },
            ]
          }
        >
          <View
            style={
              Array [
                undefined,
                undefined,
                undefined,
              ]
            }
          >
            <View />
          </View>
        </View>
      </View>
      <View
        style={
          Object {
            "flex": 1,
          }
        }
      >
        <Text
          numberOfLines={2}
          style={
            Array [
              Object {
                "color": "#212745",
                "fontFamily": "BeVietnamPro-Medium",
                "fontSize": 15,
              },
              Object {},
              undefined,
            ]
          }
        >
          tests add
        </Text>
      </View>
      <View
        accessible={true}
        collapsable={false}
        focusable={true}
        onClick={[Function]}
        onResponderGrant={[Function]}
        onResponderMove={[Function]}
        onResponderRelease={[Function]}
        onResponderTerminate={[Function]}
        onResponderTerminationRequest={[Function]}
        onStartShouldSetResponder={[Function]}
        style={
          Object {
            "opacity": 1,
          }
        }
        testID="recent_search_keyword.btn_delete_item_6"
      >
        <View
          accessibilityState={
            Object {
              "disabled": true,
            }
          }
          accessible={true}
          collapsable={false}
          focusable={false}
          hitSlop={
            Object {
              "bottom": 10,
              "left": 10,
              "right": 10,
              "top": 10,
            }
          }
          onClick={[Function]}
          onResponderGrant={[Function]}
          onResponderMove={[Function]}
          onResponderRelease={[Function]}
          onResponderTerminate={[Function]}
          onResponderTerminationRequest={[Function]}
          onStartShouldSetResponder={[Function]}
          style={
            Object {
              "opacity": 1,
            }
          }
        >
          <View
            style={
              Array [
                Object {
                  "alignItems": "center",
                  "flexDirection": "row",
                },
                undefined,
                Object {
                  "backgroundColor": undefined,
                },
              ]
            }
          >
            <View
              style={
                Array [
                  undefined,
                  undefined,
                  undefined,
                ]
              }
            >
              <View />
            </View>
          </View>
        </View>
      </View>
    </View>
  </View>
  <View>
    <View
      accessibilityState={
        Object {
          "disabled": false,
        }
      }
      accessible={true}
      collapsable={false}
      focusable={true}
      onClick={[Function]}
      onResponderGrant={[Function]}
      onResponderMove={[Function]}
      onResponderRelease={[Function]}
      onResponderTerminate={[Function]}
      onResponderTerminationRequest={[Function]}
      onStartShouldSetResponder={[Function]}
      style={
        Object {
          "alignItems": "center",
          "flexDirection": "row",
          "opacity": 1,
          "paddingHorizontal": 0,
          "paddingVertical": 12,
        }
      }
      testID="recent_search_keyword.item_7"
    >
      <View
        accessibilityState={
          Object {
            "disabled": true,
          }
        }
        accessible={true}
        collapsable={false}
        focusable={false}
        hitSlop={
          Object {
            "bottom": 10,
            "left": 10,
            "right": 10,
            "top": 10,
          }
        }
        onClick={[Function]}
        onResponderGrant={[Function]}
        onResponderMove={[Function]}
        onResponderRelease={[Function]}
        onResponderTerminate={[Function]}
        onResponderTerminationRequest={[Function]}
        onStartShouldSetResponder={[Function]}
        style={
          Object {
            "opacity": 1,
          }
        }
      >
        <View
          style={
            Array [
              Object {
                "alignItems": "center",
                "flexDirection": "row",
              },
              Object {
                "marginRight": 12,
              },
              Object {
                "backgroundColor": undefined,
              },
            ]
          }
        >
          <View
            style={
              Array [
                undefined,
                undefined,
                undefined,
              ]
            }
          >
            <View />
          </View>
        </View>
      </View>
      <View
        style={
          Object {
            "flex": 1,
          }
        }
      >
        <Text
          numberOfLines={2}
          style={
            Array [
              Object {
                "color": "#212745",
                "fontFamily": "BeVietnamPro-Medium",
                "fontSize": 15,
              },
              Object {},
              undefined,
            ]
          }
        >
          serries cua tui
        </Text>
      </View>
      <View
        accessible={true}
        collapsable={false}
        focusable={true}
        onClick={[Function]}
        onResponderGrant={[Function]}
        onResponderMove={[Function]}
        onResponderRelease={[Function]}
        onResponderTerminate={[Function]}
        onResponderTerminationRequest={[Function]}
        onStartShouldSetResponder={[Function]}
        style={
          Object {
            "opacity": 1,
          }
        }
        testID="recent_search_keyword.btn_delete_item_7"
      >
        <View
          accessibilityState={
            Object {
              "disabled": true,
            }
          }
          accessible={true}
          collapsable={false}
          focusable={false}
          hitSlop={
            Object {
              "bottom": 10,
              "left": 10,
              "right": 10,
              "top": 10,
            }
          }
          onClick={[Function]}
          onResponderGrant={[Function]}
          onResponderMove={[Function]}
          onResponderRelease={[Function]}
          onResponderTerminate={[Function]}
          onResponderTerminationRequest={[Function]}
          onStartShouldSetResponder={[Function]}
          style={
            Object {
              "opacity": 1,
            }
          }
        >
          <View
            style={
              Array [
                Object {
                  "alignItems": "center",
                  "flexDirection": "row",
                },
                undefined,
                Object {
                  "backgroundColor": undefined,
                },
              ]
            }
          >
            <View
              style={
                Array [
                  undefined,
                  undefined,
                  undefined,
                ]
              }
            >
              <View />
            </View>
          </View>
        </View>
      </View>
    </View>
  </View>
  <View>
    <View
      accessibilityState={
        Object {
          "disabled": false,
        }
      }
      accessible={true}
      collapsable={false}
      focusable={true}
      onClick={[Function]}
      onResponderGrant={[Function]}
      onResponderMove={[Function]}
      onResponderRelease={[Function]}
      onResponderTerminate={[Function]}
      onResponderTerminationRequest={[Function]}
      onStartShouldSetResponder={[Function]}
      style={
        Object {
          "alignItems": "center",
          "flexDirection": "row",
          "opacity": 1,
          "paddingHorizontal": 0,
          "paddingVertical": 12,
        }
      }
      testID="recent_search_keyword.item_8"
    >
      <View
        accessibilityState={
          Object {
            "disabled": true,
          }
        }
        accessible={true}
        collapsable={false}
        focusable={false}
        hitSlop={
          Object {
            "bottom": 10,
            "left": 10,
            "right": 10,
            "top": 10,
          }
        }
        onClick={[Function]}
        onResponderGrant={[Function]}
        onResponderMove={[Function]}
        onResponderRelease={[Function]}
        onResponderTerminate={[Function]}
        onResponderTerminationRequest={[Function]}
        onStartShouldSetResponder={[Function]}
        style={
          Object {
            "opacity": 1,
          }
        }
      >
        <View
          style={
            Array [
              Object {
                "alignItems": "center",
                "flexDirection": "row",
              },
              Object {
                "marginRight": 12,
              },
              Object {
                "backgroundColor": undefined,
              },
            ]
          }
        >
          <View
            style={
              Array [
                undefined,
                undefined,
                undefined,
              ]
            }
          >
            <View />
          </View>
        </View>
      </View>
      <View
        style={
          Object {
            "flex": 1,
          }
        }
      >
        <Text
          numberOfLines={2}
          style={
            Array [
              Object {
                "color": "#212745",
                "fontFamily": "BeVietnamPro-Medium",
                "fontSize": 15,
              },
              Object {},
              undefined,
            ]
          }
        >
          serries
        </Text>
      </View>
      <View
        accessible={true}
        collapsable={false}
        focusable={true}
        onClick={[Function]}
        onResponderGrant={[Function]}
        onResponderMove={[Function]}
        onResponderRelease={[Function]}
        onResponderTerminate={[Function]}
        onResponderTerminationRequest={[Function]}
        onStartShouldSetResponder={[Function]}
        style={
          Object {
            "opacity": 1,
          }
        }
        testID="recent_search_keyword.btn_delete_item_8"
      >
        <View
          accessibilityState={
            Object {
              "disabled": true,
            }
          }
          accessible={true}
          collapsable={false}
          focusable={false}
          hitSlop={
            Object {
              "bottom": 10,
              "left": 10,
              "right": 10,
              "top": 10,
            }
          }
          onClick={[Function]}
          onResponderGrant={[Function]}
          onResponderMove={[Function]}
          onResponderRelease={[Function]}
          onResponderTerminate={[Function]}
          onResponderTerminationRequest={[Function]}
          onStartShouldSetResponder={[Function]}
          style={
            Object {
              "opacity": 1,
            }
          }
        >
          <View
            style={
              Array [
                Object {
                  "alignItems": "center",
                  "flexDirection": "row",
                },
                undefined,
                Object {
                  "backgroundColor": undefined,
                },
              ]
            }
          >
            <View
              style={
                Array [
                  undefined,
                  undefined,
                  undefined,
                ]
              }
            >
              <View />
            </View>
          </View>
        </View>
      </View>
    </View>
  </View>
  <View>
    <View
      accessibilityState={
        Object {
          "disabled": false,
        }
      }
      accessible={true}
      collapsable={false}
      focusable={true}
      onClick={[Function]}
      onResponderGrant={[Function]}
      onResponderMove={[Function]}
      onResponderRelease={[Function]}
      onResponderTerminate={[Function]}
      onResponderTerminationRequest={[Function]}
      onStartShouldSetResponder={[Function]}
      style={
        Object {
          "alignItems": "center",
          "flexDirection": "row",
          "opacity": 1,
          "paddingHorizontal": 0,
          "paddingVertical": 12,
        }
      }
      testID="recent_search_keyword.item_9"
    >
      <View
        accessibilityState={
          Object {
            "disabled": true,
          }
        }
        accessible={true}
        collapsable={false}
        focusable={false}
        hitSlop={
          Object {
            "bottom": 10,
            "left": 10,
            "right": 10,
            "top": 10,
          }
        }
        onClick={[Function]}
        onResponderGrant={[Function]}
        onResponderMove={[Function]}
        onResponderRelease={[Function]}
        onResponderTerminate={[Function]}
        onResponderTerminationRequest={[Function]}
        onStartShouldSetResponder={[Function]}
        style={
          Object {
            "opacity": 1,
          }
        }
      >
        <View
          style={
            Array [
              Object {
                "alignItems": "center",
                "flexDirection": "row",
              },
              Object {
                "marginRight": 12,
              },
              Object {
                "backgroundColor": undefined,
              },
            ]
          }
        >
          <View
            style={
              Array [
                undefined,
                undefined,
                undefined,
              ]
            }
          >
            <View />
          </View>
        </View>
      </View>
      <View
        style={
          Object {
            "flex": 1,
          }
        }
      >
        <Text
          numberOfLines={2}
          style={
            Array [
              Object {
                "color": "#212745",
                "fontFamily": "BeVietnamPro-Medium",
                "fontSize": 15,
              },
              Object {},
              undefined,
            ]
          }
        >
          serried
        </Text>
      </View>
      <View
        accessible={true}
        collapsable={false}
        focusable={true}
        onClick={[Function]}
        onResponderGrant={[Function]}
        onResponderMove={[Function]}
        onResponderRelease={[Function]}
        onResponderTerminate={[Function]}
        onResponderTerminationRequest={[Function]}
        onStartShouldSetResponder={[Function]}
        style={
          Object {
            "opacity": 1,
          }
        }
        testID="recent_search_keyword.btn_delete_item_9"
      >
        <View
          accessibilityState={
            Object {
              "disabled": true,
            }
          }
          accessible={true}
          collapsable={false}
          focusable={false}
          hitSlop={
            Object {
              "bottom": 10,
              "left": 10,
              "right": 10,
              "top": 10,
            }
          }
          onClick={[Function]}
          onResponderGrant={[Function]}
          onResponderMove={[Function]}
          onResponderRelease={[Function]}
          onResponderTerminate={[Function]}
          onResponderTerminationRequest={[Function]}
          onStartShouldSetResponder={[Function]}
          style={
            Object {
              "opacity": 1,
            }
          }
        >
          <View
            style={
              Array [
                Object {
                  "alignItems": "center",
                  "flexDirection": "row",
                },
                undefined,
                Object {
                  "backgroundColor": undefined,
                },
              ]
            }
          >
            <View
              style={
                Array [
                  undefined,
                  undefined,
                  undefined,
                ]
              }
            >
              <View />
            </View>
          </View>
        </View>
      </View>
    </View>
  </View>
</View>
`;

exports[`NFSRecentSearchKeyword component should render loading recent search keyword 1`] = `
<View
  style={
    Object {
      "paddingHorizontal": 16,
    }
  }
>
  <View
    style={
      Object {
        "alignItems": "center",
        "flexDirection": "row",
        "height": 60,
      }
    }
  >
    <Text
      style={
        Array [
          Object {
            "color": "#181C32",
            "fontFamily": "BeVietnamPro-SemiBold",
            "fontSize": 17,
          },
          Object {},
          Object {
            "flex": 1,
          },
        ]
      }
    >
      Recent searches
    </Text>
  </View>
  <ActivityIndicator
    color="#A4A9B7"
    style={
      Object {
        "alignItems": "center",
        "height": 44,
        "justifyContent": "center",
      }
    }
    testID="loading_indicator"
  />
</View>
`;
