// Jest Snapshot v1, https://goo.gl/fbAQLP

exports[`PendingUserItem component should render data correctly 1`] = `
<View
  style={
    Object {
      "backgroundColor": "#FFFFFF",
      "elevation": 2,
      "paddingHorizontal": 16,
      "paddingVertical": 12,
      "shadowColor": "rgba(0, 0, 0, 1)",
      "shadowOffset": Object {
        "height": 2,
        "width": 0,
      },
      "shadowOpacity": 0.12,
      "shadowRadius": 1.5,
    }
  }
>
  <View
    style={
      Object {
        "flexDirection": "row",
      }
    }
  >
    <View
      style={
        Array [
          Object {
            "borderRadius": 8,
            "height": 48,
            "width": 48,
          },
          undefined,
        ]
      }
      testID="avatar"
    >
      <View
        style={
          Array [
            Array [
              Object {
                "borderRadius": 8,
                "height": 48,
                "width": 48,
              },
              Object {
                "borderRadius": 24,
              },
            ],
            Object {},
          ]
        }
        testID="avatar_container"
      >
        <View
          style={
            Array [
              Object {
                "overflow": "hidden",
              },
              Array [
                Array [
                  Object {
                    "borderRadius": 8,
                    "height": 48,
                    "width": 48,
                  },
                  Object {
                    "borderRadius": 24,
                  },
                ],
                Object {
                  "borderColor": "#F2F5F8",
                  "borderWidth": 2,
                },
                Object {
                  "backgroundColor": "#FFFFFF",
                },
              ],
            ]
          }
        >
          <FastImageView
            onFastImageError={[Function]}
            resizeMode="cover"
            source={
              Object {
                "uri": "https://bein-entity-attribute-stg.s3.ap-southeast-1.amazonaws.com/user/avatar/images/original/949ad541-c16f-4974-a83c-db04f3a393c9.jpg",
              }
            }
            style={
              Object {
                "bottom": 0,
                "left": 0,
                "position": "absolute",
                "right": 0,
                "top": 0,
              }
            }
            testID="avatar.image"
          />
        </View>
      </View>
    </View>
    <View
      style={
        Object {
          "flex": 1,
          "justifyContent": "center",
          "marginLeft": 12,
        }
      }
    >
      <Text
        style={
          Array [
            Object {
              "color": "#181C32",
              "fontFamily": "BeVietnamPro-SemiBold",
              "fontSize": 15,
            },
            Object {},
            undefined,
          ]
        }
      >
        User Name Test
      </Text>
      <View
        style={
          Object {
            "marginVertical": 2,
          }
        }
      />
      <Text
        style={
          Array [
            Object {
              "color": "#212745",
              "fontFamily": "BeVietnamPro-Light",
              "fontSize": 13,
            },
            Object {
              "color": "#353E6E",
            },
            undefined,
          ]
        }
      >
        Requested at Jun 06 at 03:12 PM
      </Text>
      <View
        style={
          Object {
            "marginVertical": 6,
          }
        }
      />
      <View
        style={
          Object {
            "alignItems": "center",
            "flexDirection": "row",
            "marginBottom": 8,
            "marginRight": 12,
          }
        }
      >
        <View
          accessibilityState={
            Object {
              "disabled": true,
            }
          }
          accessible={true}
          collapsable={false}
          focusable={false}
          hitSlop={
            Object {
              "bottom": 10,
              "left": 10,
              "right": 10,
              "top": 10,
            }
          }
          onClick={[Function]}
          onResponderGrant={[Function]}
          onResponderMove={[Function]}
          onResponderRelease={[Function]}
          onResponderTerminate={[Function]}
          onResponderTerminationRequest={[Function]}
          onStartShouldSetResponder={[Function]}
          style={
            Object {
              "opacity": 1,
            }
          }
        >
          <View
            style={
              Array [
                Object {
                  "alignItems": "center",
                  "flexDirection": "row",
                },
                undefined,
                Object {
                  "backgroundColor": undefined,
                },
              ]
            }
          >
            <View
              style={
                Array [
                  undefined,
                  undefined,
                  undefined,
                ]
              }
            >
              <View />
            </View>
          </View>
        </View>
        <Text
          style={
            Array [
              Object {
                "color": "#212745",
                "fontFamily": "BeVietnamPro-Light",
                "fontSize": 15,
              },
              Object {
                "color": "#353E6E",
              },
              Object {
                "marginLeft": 12,
              },
            ]
          }
        >
          Hồ Chí Minh
        </Text>
      </View>
      <View
        style={
          Object {
            "alignItems": "center",
            "flexDirection": "row",
            "marginBottom": 8,
            "marginRight": 12,
          }
        }
      >
        <View
          accessibilityState={
            Object {
              "disabled": true,
            }
          }
          accessible={true}
          collapsable={false}
          focusable={false}
          hitSlop={
            Object {
              "bottom": 10,
              "left": 10,
              "right": 10,
              "top": 10,
            }
          }
          onClick={[Function]}
          onResponderGrant={[Function]}
          onResponderMove={[Function]}
          onResponderRelease={[Function]}
          onResponderTerminate={[Function]}
          onResponderTerminationRequest={[Function]}
          onStartShouldSetResponder={[Function]}
          style={
            Object {
              "opacity": 1,
            }
          }
        >
          <View
            style={
              Array [
                Object {
                  "alignItems": "center",
                  "flexDirection": "row",
                },
                undefined,
                Object {
                  "backgroundColor": undefined,
                },
              ]
            }
          >
            <View
              style={
                Array [
                  undefined,
                  undefined,
                  undefined,
                ]
              }
            >
              <View />
            </View>
          </View>
        </View>
        <Text
          style={
            Array [
              Object {
                "color": "#212745",
                "fontFamily": "BeVietnamPro-Light",
                "fontSize": 15,
              },
              Object {
                "color": "#353E6E",
              },
              Object {
                "marginLeft": 12,
              },
            ]
          }
        >
          usernametest@mail.com
        </Text>
      </View>
    </View>
  </View>
  <View
    style={
      Object {
        "flexDirection": "row",
        "marginTop": 8,
      }
    }
  >
    <View
      accessible={true}
      focusable={true}
      onClick={[Function]}
      onResponderGrant={[Function]}
      onResponderMove={[Function]}
      onResponderRelease={[Function]}
      onResponderTerminate={[Function]}
      onResponderTerminationRequest={[Function]}
      onStartShouldSetResponder={[Function]}
      style={
        Array [
          Object {
            "borderRadius": 8,
          },
          Object {
            "flex": 1,
            "marginRight": 8,
          },
        ]
      }
      testID="pending_user_item.btn_decline"
    >
      <View
        style={
          Array [
            Object {
              "alignItems": "center",
              "borderRadius": 8,
              "flexDirection": "row",
              "justifyContent": "center",
              "paddingVertical": 4,
            },
            undefined,
            Object {
              "backgroundColor": "#F1F2F8",
              "height": 36,
              "paddingHorizontal": 12,
            },
          ]
        }
        testID="button.content"
      >
        <Text
          style={
            Array [
              Object {
                "color": "#212745",
                "fontFamily": "BeVietnamPro-Medium",
                "fontSize": 15,
              },
              Object {
                "color": "#212745",
              },
              Array [
                Object {
                  "textAlign": "center",
                },
                undefined,
              ],
            ]
          }
          testID="button.text"
        >
          Decline
        </Text>
      </View>
    </View>
    <View
      accessible={true}
      focusable={true}
      onClick={[Function]}
      onResponderGrant={[Function]}
      onResponderMove={[Function]}
      onResponderRelease={[Function]}
      onResponderTerminate={[Function]}
      onResponderTerminationRequest={[Function]}
      onStartShouldSetResponder={[Function]}
      style={
        Array [
          Object {
            "borderRadius": 8,
          },
          Object {
            "flex": 1,
          },
        ]
      }
      testID="pending_user_item.btn_approve"
    >
      <View
        style={
          Array [
            Object {
              "alignItems": "center",
              "borderRadius": 8,
              "flexDirection": "row",
              "justifyContent": "center",
              "paddingVertical": 4,
            },
            undefined,
            Object {
              "backgroundColor": "#F4EFFB",
              "height": 36,
              "paddingHorizontal": 12,
            },
          ]
        }
        testID="button.content"
      >
        <Text
          style={
            Array [
              Object {
                "color": "#212745",
                "fontFamily": "BeVietnamPro-Medium",
                "fontSize": 15,
              },
              Object {
                "color": "#7335C0",
              },
              Array [
                Object {
                  "textAlign": "center",
                },
                undefined,
              ],
            ]
          }
          testID="button.text"
        >
          Approve
        </Text>
      </View>
    </View>
  </View>
</View>
`;
