// Jest Snapshot v1, https://goo.gl/fbAQLP

exports[`TextInput component renders active banner correctly 1`] = `
<RCTScrollView
  style={
    Object {
      "backgroundColor": "#FFFFFF",
    }
  }
>
  <View>
    <View
      style={
        Object {
          "paddingHorizontal": 16,
          "paddingVertical": 12,
        }
      }
    >
      <View
        style={
          Object {
            "paddingHorizontal": 16,
            "width": 750,
          }
        }
      >
        <View
          style={
            Array [
              Object {
                "flexDirection": "column",
                "marginVertical": 4,
              },
              Object {
                "marginRight": 16,
              },
            ]
          }
          testID="text_input"
        >
          <View
            style={
              Object {
                "marginBottom": 8,
                "marginRight": 0,
                "maxWidth": 750,
              }
            }
          >
            <Text
              style={
                Array [
                  Object {
                    "color": "#353E6E",
                    "fontFamily": "BeVietnamPro-Light",
                    "fontSize": 15,
                  },
                  Object {
                    "color": "#181C32",
                  },
                  undefined,
                ]
              }
            >
              Input Label
            </Text>
          </View>
          <View
            style={
              Array [
                Object {},
              ]
            }
          >
            <View
              style={
                Array [
                  Object {
                    "flexDirection": "row",
                    "height": 40,
                  },
                ]
              }
            >
              <View
                style={
                  Object {
                    "backgroundColor": "#F1F2F8",
                    "borderBottomLeftRadius": 6,
                    "borderColor": "#E3E6F2",
                    "borderTopLeftRadius": 6,
                    "borderWidth": 1,
                    "padding": 8,
                  }
                }
              >
                <View
                  accessibilityState={
                    Object {
                      "disabled": true,
                    }
                  }
                  accessible={true}
                  collapsable={false}
                  focusable={false}
                  hitSlop={
                    Object {
                      "bottom": 10,
                      "left": 10,
                      "right": 10,
                      "top": 10,
                    }
                  }
                  onClick={[Function]}
                  onResponderGrant={[Function]}
                  onResponderMove={[Function]}
                  onResponderRelease={[Function]}
                  onResponderTerminate={[Function]}
                  onResponderTerminationRequest={[Function]}
                  onStartShouldSetResponder={[Function]}
                  style={
                    Object {
                      "opacity": 1,
                    }
                  }
                >
                  <View
                    style={
                      Array [
                        Object {
                          "alignItems": "center",
                          "flexDirection": "row",
                        },
                        undefined,
                        Object {
                          "backgroundColor": undefined,
                        },
                      ]
                    }
                  >
                    <View
                      style={
                        Array [
                          undefined,
                          undefined,
                          undefined,
                        ]
                      }
                    >
                      <View
                        testID="text_input.left_icon"
                      />
                    </View>
                  </View>
                </View>
              </View>
              <View
                style={
                  Array [
                    Object {
                      "backgroundColor": "green",
                      "borderBottomLeftRadius": 0,
                      "borderBottomRightRadius": 6,
                      "borderTopLeftRadius": 0,
                      "borderTopRightRadius": 6,
                      "borderWidth": 1,
                      "flex": 1,
                      "flexDirection": "row",
                    },
                    Object {
                      "backgroundColor": "#FFFFFF",
                      "borderColor": "#E3E6F2",
                    },
                    undefined,
                  ]
                }
              >
                <View
                  style={
                    Object {
                      "alignItems": "center",
                      "flex": 1,
                      "flexDirection": "row",
                      "height": 40,
                    }
                  }
                >
                  <TextInput
                    editable={true}
                    onBlur={[Function]}
                    onChangeText={[Function]}
                    onFocus={[Function]}
                    placeholder="Text placeholder"
                    placeholderTextColor="#BAC0DE"
                    selectionColor="#767D93"
                    style={
                      Array [
                        Object {
                          "flex": 1,
                          "fontFamily": "BeVietnamPro-Light",
                          "fontSize": 15,
                          "height": 40,
                          "paddingHorizontal": 16,
                        },
                        Object {
                          "color": "#181C32",
                        },
                      ]
                    }
                    testID="text_input.input"
                    value=""
                  />
                </View>
              </View>
            </View>
            <View
              style={
                Array [
                  Object {
                    "alignContent": "center",
                    "flexDirection": "row",
                    "marginTop": 4,
                    "paddingRight": 4,
                  },
                  undefined,
                ]
              }
            >
              <View
                style={
                  Object {
                    "flex": 1,
                    "paddingHorizontal": 4,
                  }
                }
              >
                <Text
                  flex={1}
                  style={
                    Array [
                      Object {
                        "color": "#212745",
                        "fontFamily": "BeVietnamPro-Light",
                        "fontSize": 11,
                      },
                      Object {
                        "color": "#353E6E",
                      },
                      undefined,
                    ]
                  }
                  testID="text_input.text_helper"
                >
                  Example help text that remains unchanged.
                </Text>
              </View>
            </View>
          </View>
        </View>
      </View>
    </View>
  </View>
</RCTScrollView>
`;
